// Jest Snapshot v1, https://goo.gl/fbAQLP

exports[`<TextEditor /> should match snapshot 1`] = `
<TextEditor
  anchorRef={
    <body
      style="padding-right: 0px; overflow: hidden;"
    >
      <div
        class="MuiPopover-root"
        role="presentation"
        style="position: fixed; z-index: 1300; right: 0px; bottom: 0px; top: 0px; left: 0px;"
      >
        <div
          aria-hidden="true"
          style="z-index: -1; position: fixed; right: 0px; bottom: 0px; top: 0px; left: 0px; background-color: transparent;"
        />
        <div
          data-test="sentinelStart"
          tabindex="0"
        />
        <div
          class="MuiPaper-root MuiPopover-paper MuiPaper-elevation1 MuiPaper-rounded"
          style="opacity: 1; transform: scale(1, 1); overflow: hidden; transition: opacity 0ms cubic-bezier(0.4, 0, 0.2, 1) 0ms,transform 0ms cubic-bezier(0.4, 0, 0.2, 1) 0ms; top: 16px; left: 16px; transform-origin: -16px -16px;"
          tabindex="-1"
        >
          <div
            style="width: 100px; height: 50px;"
          >
            <textarea
              aria-label="cell editor"
              id="apollo-textarea"
              maxlength="500"
              rows="1"
              style="height: 100%; overflow: auto; width: 100%; resize: none;"
            />
            <textarea
              aria-hidden="true"
              readonly=""
              style="visibility: hidden; position: absolute; overflow: auto; height: 100%; top: 0px; left: 0px; transform: translateZ(0); width: 100%; resize: none;"
              tabindex="-1"
            />
          </div>
        </div>
        <div
          data-test="sentinelEnd"
          tabindex="0"
        />
      </div>
    </body>
  }
  cellHeight={50}
  cellWidth={100}
  maxLength={500}
  onCommit={[MockFunction]}
  onCommitCancel={[MockFunction]}
  value=""
>
  <WithStyles(ForwardRef(Popover))
    PaperProps={
      Object {
        "style": Object {
          "overflow": "hidden",
        },
      }
    }
    TransitionProps={
      Object {
        "timeout": 0,
      }
    }
    anchorEl={
      <body
        style="padding-right: 0px; overflow: hidden;"
      >
        <div
          class="MuiPopover-root"
          role="presentation"
          style="position: fixed; z-index: 1300; right: 0px; bottom: 0px; top: 0px; left: 0px;"
        >
          <div
            aria-hidden="true"
            style="z-index: -1; position: fixed; right: 0px; bottom: 0px; top: 0px; left: 0px; background-color: transparent;"
          />
          <div
            data-test="sentinelStart"
            tabindex="0"
          />
          <div
            class="MuiPaper-root MuiPopover-paper MuiPaper-elevation1 MuiPaper-rounded"
            style="opacity: 1; transform: scale(1, 1); overflow: hidden; transition: opacity 0ms cubic-bezier(0.4, 0, 0.2, 1) 0ms,transform 0ms cubic-bezier(0.4, 0, 0.2, 1) 0ms; top: 16px; left: 16px; transform-origin: -16px -16px;"
            tabindex="-1"
          >
            <div
              style="width: 100px; height: 50px;"
            >
              <textarea
                aria-label="cell editor"
                id="apollo-textarea"
                maxlength="500"
                rows="1"
                style="height: 100%; overflow: auto; width: 100%; resize: none;"
              />
              <textarea
                aria-hidden="true"
                readonly=""
                style="visibility: hidden; position: absolute; overflow: auto; height: 100%; top: 0px; left: 0px; transform: translateZ(0); width: 100%; resize: none;"
                tabindex="-1"
              />
            </div>
          </div>
          <div
            data-test="sentinelEnd"
            tabindex="0"
          />
        </div>
      </body>
    }
    anchorOrigin={
      Object {
        "horizontal": "center",
        "vertical": "center",
      }
    }
    disableRestoreFocus={true}
    elevation={1}
    onClose={[Function]}
    open={true}
    transformOrigin={
      Object {
        "horizontal": "center",
        "vertical": "center",
      }
    }
  >
    <ForwardRef(Popover)
      PaperProps={
        Object {
          "style": Object {
            "overflow": "hidden",
          },
        }
      }
      TransitionProps={
        Object {
          "timeout": 0,
        }
      }
      anchorEl={
        <body
          style="padding-right: 0px; overflow: hidden;"
        >
          <div
            class="MuiPopover-root"
            role="presentation"
            style="position: fixed; z-index: 1300; right: 0px; bottom: 0px; top: 0px; left: 0px;"
          >
            <div
              aria-hidden="true"
              style="z-index: -1; position: fixed; right: 0px; bottom: 0px; top: 0px; left: 0px; background-color: transparent;"
            />
            <div
              data-test="sentinelStart"
              tabindex="0"
            />
            <div
              class="MuiPaper-root MuiPopover-paper MuiPaper-elevation1 MuiPaper-rounded"
              style="opacity: 1; transform: scale(1, 1); overflow: hidden; transition: opacity 0ms cubic-bezier(0.4, 0, 0.2, 1) 0ms,transform 0ms cubic-bezier(0.4, 0, 0.2, 1) 0ms; top: 16px; left: 16px; transform-origin: -16px -16px;"
              tabindex="-1"
            >
              <div
                style="width: 100px; height: 50px;"
              >
                <textarea
                  aria-label="cell editor"
                  id="apollo-textarea"
                  maxlength="500"
                  rows="1"
                  style="height: 100%; overflow: auto; width: 100%; resize: none;"
                />
                <textarea
                  aria-hidden="true"
                  readonly=""
                  style="visibility: hidden; position: absolute; overflow: auto; height: 100%; top: 0px; left: 0px; transform: translateZ(0); width: 100%; resize: none;"
                  tabindex="-1"
                />
              </div>
            </div>
            <div
              data-test="sentinelEnd"
              tabindex="0"
            />
          </div>
        </body>
      }
      anchorOrigin={
        Object {
          "horizontal": "center",
          "vertical": "center",
        }
      }
      classes={
        Object {
          "paper": "MuiPopover-paper",
          "root": "MuiPopover-root",
        }
      }
      disableRestoreFocus={true}
      elevation={1}
      onClose={[Function]}
      open={true}
      transformOrigin={
        Object {
          "horizontal": "center",
          "vertical": "center",
        }
      }
    >
      <ForwardRef(Modal)
        BackdropProps={
          Object {
            "invisible": true,
          }
        }
        className="MuiPopover-root"
        container={
          <body
            style="padding-right: 0px; overflow: hidden;"
          >
            <div
              class="MuiPopover-root"
              role="presentation"
              style="position: fixed; z-index: 1300; right: 0px; bottom: 0px; top: 0px; left: 0px;"
            >
              <div
                aria-hidden="true"
                style="z-index: -1; position: fixed; right: 0px; bottom: 0px; top: 0px; left: 0px; background-color: transparent;"
              />
              <div
                data-test="sentinelStart"
                tabindex="0"
              />
              <div
                class="MuiPaper-root MuiPopover-paper MuiPaper-elevation1 MuiPaper-rounded"
                style="opacity: 1; transform: scale(1, 1); overflow: hidden; transition: opacity 0ms cubic-bezier(0.4, 0, 0.2, 1) 0ms,transform 0ms cubic-bezier(0.4, 0, 0.2, 1) 0ms; top: 16px; left: 16px; transform-origin: -16px -16px;"
                tabindex="-1"
              >
                <div
                  style="width: 100px; height: 50px;"
                >
                  <textarea
                    aria-label="cell editor"
                    id="apollo-textarea"
                    maxlength="500"
                    rows="1"
                    style="height: 100%; overflow: auto; width: 100%; resize: none;"
                  />
                  <textarea
                    aria-hidden="true"
                    readonly=""
                    style="visibility: hidden; position: absolute; overflow: auto; height: 100%; top: 0px; left: 0px; transform: translateZ(0); width: 100%; resize: none;"
                    tabindex="-1"
                  />
                </div>
              </div>
              <div
                data-test="sentinelEnd"
                tabindex="0"
              />
            </div>
          </body>
        }
        disableRestoreFocus={true}
        onClose={[Function]}
        open={true}
      >
        <ForwardRef(Portal)
          container={
            <body
              style="padding-right: 0px; overflow: hidden;"
            >
              <div
                class="MuiPopover-root"
                role="presentation"
                style="position: fixed; z-index: 1300; right: 0px; bottom: 0px; top: 0px; left: 0px;"
              >
                <div
                  aria-hidden="true"
                  style="z-index: -1; position: fixed; right: 0px; bottom: 0px; top: 0px; left: 0px; background-color: transparent;"
                />
                <div
                  data-test="sentinelStart"
                  tabindex="0"
                />
                <div
                  class="MuiPaper-root MuiPopover-paper MuiPaper-elevation1 MuiPaper-rounded"
                  style="opacity: 1; transform: scale(1, 1); overflow: hidden; transition: opacity 0ms cubic-bezier(0.4, 0, 0.2, 1) 0ms,transform 0ms cubic-bezier(0.4, 0, 0.2, 1) 0ms; top: 16px; left: 16px; transform-origin: -16px -16px;"
                  tabindex="-1"
                >
                  <div
                    style="width: 100px; height: 50px;"
                  >
                    <textarea
                      aria-label="cell editor"
                      id="apollo-textarea"
                      maxlength="500"
                      rows="1"
                      style="height: 100%; overflow: auto; width: 100%; resize: none;"
                    />
                    <textarea
                      aria-hidden="true"
                      readonly=""
                      style="visibility: hidden; position: absolute; overflow: auto; height: 100%; top: 0px; left: 0px; transform: translateZ(0); width: 100%; resize: none;"
                      tabindex="-1"
                    />
                  </div>
                </div>
                <div
                  data-test="sentinelEnd"
                  tabindex="0"
                />
              </div>
            </body>
          }
          disablePortal={false}
        >
          <Portal
            containerInfo={
              <body
                style="padding-right: 0px; overflow: hidden;"
              >
                <div
                  class="MuiPopover-root"
                  role="presentation"
                  style="position: fixed; z-index: 1300; right: 0px; bottom: 0px; top: 0px; left: 0px;"
                >
                  <div
                    aria-hidden="true"
                    style="z-index: -1; position: fixed; right: 0px; bottom: 0px; top: 0px; left: 0px; background-color: transparent;"
                  />
                  <div
                    data-test="sentinelStart"
                    tabindex="0"
                  />
                  <div
                    class="MuiPaper-root MuiPopover-paper MuiPaper-elevation1 MuiPaper-rounded"
                    style="opacity: 1; transform: scale(1, 1); overflow: hidden; transition: opacity 0ms cubic-bezier(0.4, 0, 0.2, 1) 0ms,transform 0ms cubic-bezier(0.4, 0, 0.2, 1) 0ms; top: 16px; left: 16px; transform-origin: -16px -16px;"
                    tabindex="-1"
                  >
                    <div
                      style="width: 100px; height: 50px;"
                    >
                      <textarea
                        aria-label="cell editor"
                        id="apollo-textarea"
                        maxlength="500"
                        rows="1"
                        style="height: 100%; overflow: auto; width: 100%; resize: none;"
                      />
                      <textarea
                        aria-hidden="true"
                        readonly=""
                        style="visibility: hidden; position: absolute; overflow: auto; height: 100%; top: 0px; left: 0px; transform: translateZ(0); width: 100%; resize: none;"
                        tabindex="-1"
                      />
                    </div>
                  </div>
                  <div
                    data-test="sentinelEnd"
                    tabindex="0"
                  />
                </div>
              </body>
            }
          >
            <div
              className="MuiPopover-root"
              onKeyDown={[Function]}
              role="presentation"
              style={
                Object {
                  "bottom": 0,
                  "left": 0,
                  "position": "fixed",
                  "right": 0,
                  "top": 0,
                  "zIndex": 1300,
                }
              }
            >
              <ForwardRef(SimpleBackdrop)
                invisible={true}
                onClick={[Function]}
                open={true}
              >
                <div
                  aria-hidden={true}
                  onClick={[Function]}
                  style={
                    Object {
                      "WebkitTapHighlightColor": "transparent",
                      "backgroundColor": "transparent",
                      "bottom": 0,
                      "left": 0,
                      "position": "fixed",
                      "right": 0,
                      "top": 0,
                      "zIndex": -1,
                    }
                  }
                />
              </ForwardRef(SimpleBackdrop)>
              <Unstable_TrapFocus
                disableAutoFocus={false}
                disableEnforceFocus={false}
                disableRestoreFocus={true}
                getDoc={[Function]}
                isEnabled={[Function]}
                open={true}
              >
                <div
                  data-test="sentinelStart"
                  tabIndex={0}
                />
                <ForwardRef(Grow)
                  appear={true}
                  in={true}
                  onEnter={[Function]}
                  onEntering={[Function]}
                  onExited={[Function]}
                  tabIndex="-1"
                  timeout={0}
                >
                  <Transition
                    addEndListener={[Function]}
                    appear={true}
                    enter={true}
                    exit={true}
                    in={true}
                    mountOnEnter={false}
                    onEnter={[Function]}
                    onEntered={[Function]}
                    onEntering={[Function]}
                    onExit={[Function]}
                    onExited={[Function]}
                    onExiting={[Function]}
                    tabIndex="-1"
                    timeout={0}
                    unmountOnExit={false}
                  >
                    <WithStyles(ForwardRef(Paper))
                      className="MuiPopover-paper"
                      elevation={1}
                      style={
                        Object {
                          "opacity": 1,
                          "overflow": "hidden",
                          "transform": "scale(1, 1)",
                          "visibility": undefined,
                        }
                      }
                      tabIndex="-1"
                    >
                      <ForwardRef(Paper)
                        className="MuiPopover-paper"
                        classes={
                          Object {
                            "elevation0": "MuiPaper-elevation0",
                            "elevation1": "MuiPaper-elevation1",
                            "elevation10": "MuiPaper-elevation10",
                            "elevation11": "MuiPaper-elevation11",
                            "elevation12": "MuiPaper-elevation12",
                            "elevation13": "MuiPaper-elevation13",
                            "elevation14": "MuiPaper-elevation14",
                            "elevation15": "MuiPaper-elevation15",
                            "elevation16": "MuiPaper-elevation16",
                            "elevation17": "MuiPaper-elevation17",
                            "elevation18": "MuiPaper-elevation18",
                            "elevation19": "MuiPaper-elevation19",
                            "elevation2": "MuiPaper-elevation2",
                            "elevation20": "MuiPaper-elevation20",
                            "elevation21": "MuiPaper-elevation21",
                            "elevation22": "MuiPaper-elevation22",
                            "elevation23": "MuiPaper-elevation23",
                            "elevation24": "MuiPaper-elevation24",
                            "elevation3": "MuiPaper-elevation3",
                            "elevation4": "MuiPaper-elevation4",
                            "elevation5": "MuiPaper-elevation5",
                            "elevation6": "MuiPaper-elevation6",
                            "elevation7": "MuiPaper-elevation7",
                            "elevation8": "MuiPaper-elevation8",
                            "elevation9": "MuiPaper-elevation9",
                            "outlined": "MuiPaper-outlined",
                            "root": "MuiPaper-root",
                            "rounded": "MuiPaper-rounded",
                          }
                        }
                        elevation={1}
                        style={
                          Object {
                            "opacity": 1,
                            "overflow": "hidden",
                            "transform": "scale(1, 1)",
                            "visibility": undefined,
                          }
                        }
                        tabIndex="-1"
                      >
                        <div
                          className="MuiPaper-root MuiPopover-paper MuiPaper-elevation1 MuiPaper-rounded"
                          style={
                            Object {
                              "opacity": 1,
                              "overflow": "hidden",
                              "transform": "scale(1, 1)",
                              "visibility": undefined,
                            }
                          }
                          tabIndex="-1"
                        >
                          <div
                            style={
                              Object {
                                "height": 50,
                                "width": 100,
                              }
                            }
                          >
                            <ForwardRef(TextareaAutosize)
                              aria-label="cell editor"
                              autoFocus={true}
                              defaultValue=""
                              id="apollo-textarea"
                              maxLength={500}
                              onChange={[Function]}
                              onKeyDown={[Function]}
                              rowsMin={1}
                              style={
                                Object {
                                  "height": "100%",
                                  "overflow": "auto",
                                  "resize": "none",
                                  "width": "100%",
                                }
                              }
                            >
                              <textarea
                                aria-label="cell editor"
                                autoFocus={true}
                                defaultValue=""
                                id="apollo-textarea"
                                maxLength={500}
                                onChange={[Function]}
                                onKeyDown={[Function]}
                                rows={1}
                                style={
                                  Object {
                                    "height": "100%",
                                    "overflow": "auto",
                                    "resize": "none",
                                    "width": "100%",
                                  }
                                }
                              />
                              <textarea
                                aria-hidden={true}
                                readOnly={true}
                                style={
                                  Object {
                                    "height": "100%",
                                    "left": 0,
                                    "overflow": "auto",
                                    "position": "absolute",
                                    "resize": "none",
                                    "top": 0,
                                    "transform": "translateZ(0)",
                                    "visibility": "hidden",
                                    "width": "100%",
                                  }
                                }
                                tabIndex={-1}
                              />
                            </ForwardRef(TextareaAutosize)>
                          </div>
                        </div>
                      </ForwardRef(Paper)>
                    </WithStyles(ForwardRef(Paper))>
                  </Transition>
                </ForwardRef(Grow)>
                <div
                  data-test="sentinelEnd"
                  tabIndex={0}
                />
              </Unstable_TrapFocus>
            </div>
          </Portal>
        </ForwardRef(Portal)>
      </ForwardRef(Modal)>
    </ForwardRef(Popover)>
  </WithStyles(ForwardRef(Popover))>
</TextEditor>
`;
