// Jest Snapshot v1, https://goo.gl/fbAQLP

exports[`<ColumnGrid /> should match the snapshot 1`] = `"<div aria-label=\\"grid\\" aria-readonly=\\"true\\" class=\\"ReactVirtualized__Grid\\" role=\\"grid\\" style=\\"box-sizing:border-box;direction:ltr;height:auto;position:relative;width:100px;-webkit-overflow-scrolling:touch;will-change:transform;overflow-x:hidden;overflow-y:hidden\\" tabindex=\\"0\\"></div>"`;
