// Jest Snapshot v1, https://goo.gl/fbAQLP

exports[`useHeaders hook should merge with nested headers 1`] = `
Array [
  Array [
    Object {
      "accessor": "",
      "className": undefined,
      "colSpan": 2,
      "id": "nested-0",
      "isNested": true,
      "title": "Test",
    },
    Object {
      "accessor": "",
      "className": undefined,
      "colSpan": 1,
      "dummy": true,
      "dummyFor": "colSpan",
      "first": true,
      "id": "nested-0",
      "isNested": true,
      "last": true,
      "parentRow": Object {
        "accessor": "",
        "className": undefined,
        "colSpan": 2,
        "id": "nested-0",
        "isNested": true,
        "title": "Test",
      },
      "rowSpan": undefined,
      "style": Object {
        "borderLeft": 0,
      },
      "title": "Test",
      "value": "",
    },
  ],
  Array [
    Object {
      "accessor": "t1",
      "colSpan": 0,
      "id": "t1",
      "isNested": false,
      "width": 200,
    },
    Object {
      "accessor": "t2",
      "colSpan": 0,
      "id": "t2",
      "isNested": false,
      "width": 100,
    },
  ],
]
`;
